
Portable Motorola 6809 Assembler [18.03]

                            
                                    .code
                            
                            ;===============================================================================        
                            ; Opcode Alphabetically
                            ;-------------------------------------------------------------------------------
                            
                                    .org    $1000
                            
001000  3A                :         abx
001001  8912              :         adca    #$12
001003  9900              :         adca    <0
001005  A900              :         adca    ,x
001007  B90000            :         adca    >0
00100A  C912              :         adcb    #$12
00100C  D900              :         adcb    <0
00100E  E900              :         adcb    ,x
001010  F90000            :         adcb    >0
001013  8B12              :         adda    #$12
001015  9B00              :         adda    <0
001017  AB00              :         adda    ,x
001019  BB0000            :         adda    >0
00101C  CB12              :         addb    #$12
00101E  DB00              :         addb    <0
001020  EB00              :         addb    ,x
001022  FB0000            :         addb    >0
001025  C31234            :         addd    #$1234
001028  D300              :         addd    <0
00102A  E300              :         addd    ,x
00102C  F30000            :         addd    >0      
00102F  8412              :         anda    #$12
001031  9400              :         anda    <0
001033  A400              :         anda    ,x
001035  B40000            :         anda    >0
001038  C412              :         andb    #$12
00103A  D400              :         andb    <0
00103C  E400              :         andb    ,x
00103E  F40000            :         andb    >0
001041  1C12              :         andcc   #$12
001043  0800              :         asl     <0
001045  6800              :         asl     ,x
001047  780000            :         asl     >0
00104A  48                :         asla
00104B  58                :         aslb
00104C  0700              :         asr     <0
00104E  6700              :         asr     ,x
001050  770000            :         asr     >0
001053  47                :         asra
001054  57                :         asrb
001055  2434              :         bcc     label
001057  2532              :         bcs     label
001059  2730              :         beq     label
00105B  2C2E              :         bge     label
00105D  2E2C              :         bgt     label

Portable Motorola 6809 Assembler [18.03]

00105F  242A              :         bhs     label
001061  8512              :         bita    #$12
001063  9500              :         bita    <0
001065  A500              :         bita    ,x
001067  B50000            :         bita    >0
00106A  C512              :         bitb    #$12
00106C  D500              :         bitb    <0
00106E  E500              :         bitb    ,x
001070  F50000            :         bitb    >0      
001073  2F16              :         ble     label
001075  2514              :         blo     label
001077  2312              :         bls     label
001079  2D10              :         blt     label   
00107B  2B0E              :         bmi     label
00107D  260C              :         bne     label
00107F  2A0A              :         bpl     label
001081  2008              :         bra     label
001083  2106              :         brn     label
001085  8D04              :         bsr     label
001087  2802              :         bvc     label
001089  2900              :         bvs     label
                            label:
00108B  0F00              :         clr     <0
00108D  6F00              :         clr     ,x
00108F  7F0000            :         clr     >0
001092  4F                :         clra
001093  5F                :         clrb
001094  8112              :         cmpa    #$12
001096  9100              :         cmpa    <0
001098  A100              :         cmpa    ,x
00109A  B10000            :         cmpa    >0
00109D  C112              :         cmpb    #$12
00109F  D100              :         cmpb    <0
0010A1  E100              :         cmpb    ,x
0010A3  F10000            :         cmpb    >0
0010A6  10831234          :         cmpd    #$1234
0010AA  109300            :         cmpd    <0
0010AD  10A300            :         cmpd    ,x
0010B0  10B30000          :         cmpd    >0
0010B4  118C1234          :         cmps    #$1234
0010B8  119C00            :         cmps    <0
0010BB  11AC00            :         cmps    ,x
0010BE  11BC0000          :         cmps    >0
0010C2  11831234          :         cmpu    #$1234
0010C6  119300            :         cmpu    <0
0010C9  11A300            :         cmpu    ,x
0010CC  11B30000          :         cmpu    >0
0010D0  8C1234            :         cmpx    #$1234
0010D3  9C00              :         cmpx    <0
0010D5  AC00              :         cmpx    ,x
0010D7  BC0000            :         cmpx    >0
0010DA  108C1234          :         cmpy    #$1234
0010DE  109C00            :         cmpy    <0
0010E1  10AC00            :         cmpy    ,x

Portable Motorola 6809 Assembler [18.03]

0010E4  10BC0000          :         cmpy    >0
0010E8  0300              :         com     <0
0010EA  6300              :         com     ,x
0010EC  730000            :         com     >0
0010EF  43                :         coma
0010F0  53                :         comb
0010F1  3C12              :         cwai    #$12
0010F3  19                :         daa
0010F4  0A00              :         dec     <0
0010F6  6A00              :         dec     ,x
0010F8  7A0000            :         dec     >0
0010FB  4A                :         deca
0010FC  5A                :         decb
0010FD  8812              :         eora    #$12
0010FF  9800              :         eora    <0
001101  A800              :         eora    ,x
001103  B80000            :         eora    >0
001106  C812              :         eorb    #$12
001108  D800              :         eorb    <0
00110A  E800              :         eorb    ,x
00110C  F80000            :         eorb    >0
                            ; exg
00110F  0C00              :         inc     <0
001111  6C00              :         inc     ,x
001113  7C0000            :         inc     >0
001116  4C                :         inca
001117  5C                :         incb
001118  0E00              :         jmp     <0
00111A  6E00              :         jmp     ,x
00111C  7E0000            :         jmp     >0
00111F  9D00              :         jsr     <0
001121  AD00              :         jsr     ,x
001123  BD0000            :         jsr     >0
001126  1024FF61          :         lbcc    label
00112A  1025FF5D          :         lbcs    label
00112E  8612              :         lda     #$12
001130  9600              :         lda     <0
001132  A600              :         lda     ,x
001134  B60000            :         lda     >0
001137  C612              :         ldb     #$12
001139  D600              :         ldb     <0
00113B  E600              :         ldb     ,x
00113D  F60000            :         ldb     >0
001140  CC1234            :         ldd     #$1234
001143  DC00              :         ldd     <0
001145  EC00              :         ldd     ,x
001147  FC0000            :         ldd     >0
00114A  10CE1234          :         lds     #$1234
00114E  10DE00            :         lds     <0
001151  10EE00            :         lds     ,x
001154  10FE0000          :         lds     >0
001158  CE1234            :         ldu     #$1234
00115B  DE00              :         ldu     <0
00115D  EE00              :         ldu     ,x

Portable Motorola 6809 Assembler [18.03]

00115F  FE0000            :         ldu     >0
001162  8E1234            :         ldx     #$1234
001165  9E00              :         ldx     <0
001167  AE00              :         ldx     ,x
001169  BE0000            :         ldx     >0
00116C  108E1234          :         ldy     #$1234
001170  109E00            :         ldy     <0
001173  10AE00            :         ldy     ,x
001176  10BE0000          :         ldy     >0
00117A  3200              :         leas    ,x
00117C  3300              :         leau    ,x
00117E  3000              :         leax    ,x
001180  3100              :         leay    ,x
001182  0800              :         lsl     <0
001184  6800              :         lsl     ,x
001186  780000            :         lsl     >0
001189  48                :         lsla
00118A  58                :         lslb
00118B  0400              :         lsr     <0
00118D  6400              :         lsr     ,x
00118F  740000            :         lsr     >0
001192  44                :         lsra
001193  54                :         lsrb
001194  3D                :         mul
001195  0000              :         neg     <0
001197  6000              :         neg     ,x
001199  700000            :         neg     >0
00119C  40                :         nega
00119D  50                :         negb
00119E  12                :         nop
00119F  8A12              :         ora     #$12
0011A1  9A00              :         ora     <0
0011A3  AA00              :         ora     ,x
0011A5  BA0000            :         ora     >0
0011A8  CA12              :         orb     #$12
0011AA  DA00              :         orb     <0
0011AC  EA00              :         orb     ,x
0011AE  FA0000            :         orb     >0
                            ; psh
                            ; pul
0011B1  0900              :         rol     <0
0011B3  6900              :         rol     ,x
0011B5  790000            :         rol     >0
0011B8  49                :         rola
0011B9  59                :         rolb
0011BA  0600              :         ror     <0
0011BC  6600              :         ror     ,x
0011BE  760000            :         ror     >0
0011C1  46                :         rora
0011C2  56                :         rorb
0011C3  3B                :         rti
0011C4  39                :         rts
0011C5  8212              :         sbca    #$12
0011C7  9200              :         sbca    <0

Portable Motorola 6809 Assembler [18.03]

0011C9  A200              :         sbca    ,x
0011CB  B20000            :         sbca    >0
0011CE  C212              :         sbcb    #$12
0011D0  D200              :         sbcb    <0
0011D2  E200              :         sbcb    ,x
0011D4  F20000            :         sbcb    >0
0011D7  1D                :         sex
                            ; st
0011D8  8012              :         suba    #$12
0011DA  9000              :         suba    <0
0011DC  A000              :         suba    ,x
0011DE  B00000            :         suba    >0
0011E1  C012              :         subb    #$12
0011E3  D000              :         subb    <0
0011E5  E000              :         subb    ,x
0011E7  F00000            :         subb    >0
0011EA  3F                :         swi
0011EB  103F              :         swi2
0011ED  113F              :         swi3
0011EF  13                :         sync
                            ; tfr
0011F0  0D00              :         tst     <0
0011F2  6D00              :         tst     ,x
0011F4  7D0000            :         tst     >0
0011F7  4D                :         tsta
0011F8  5D                :         tstb
                                    
                            
                            ;===============================================================================
                            ;-------------------------------------------------------------------------------
                            
                                    .org    $2000
                                    
002000  0000              :         neg     <0
                            ;       *
                            ;       *
002002  0300              :         com     <0
002004  0400              :         lsr     <0
                            ;       *
002006  0600              :         ror     <0
002008  0700              :         asr     <0
00200A  0800              :         asl     <0
00200C  0800              :         lsl     <0                      ; same as asl
00200E  0900              :         rol     <0
002010  0A00              :         dec     <0
                            ;       *
002012  0C00              :         inc     <0
002014  0D00              :         tst     <0
002016  0E00              :         jmp     <0
002018  0F00              :         clr     <0
                                    
                            ; Page 2
                            ; Page 3
00201A  12                :         nop

Portable Motorola 6809 Assembler [18.03]

00201B  13                :         sync
                            ;       *
                            ;       *
00201C  16F06C            :         lbra    label
00201F  17F069            :         lbsr    label
                            ;       *
002022  19                :         daa
002023  1A12              :         orcc    #$12
                            ;*
002025  1C12              :         andcc   #$12
002027  1D                :         sex
                            ; exg
                            ; tfr
                            
002028  2022              :         bra     branch
00202A  2120              :         brn     branch
00202C  221E              :         bhi     branch
00202E  231C              :         bls     branch
002030  241A              :         bhs     branch                  ; same as bcc
002032  2418              :         bcc     branch
002034  2516              :         blo     branch                  ; same as bcs
002036  2514              :         bcs     branch
002038  2612              :         bne     branch
00203A  2710              :         beq     branch
00203C  280E              :         bvc     branch
00203E  290C              :         bvs     branch
002040  2A0A              :         bpl     branch
002042  2B08              :         bmi     branch
002044  2C06              :         bge     branch
002046  2D04              :         blt     branch
002048  2E02              :         bgt     branch
00204A  2F00              :         ble     branch
                            branch:
                            
                            ; 30-3f
                            
00204C  40                :         nega
                            ;       *
                            ;       *       
00204D  43                :         coma
00204E  44                :         lsra
                            ;       *
00204F  46                :         rora
002050  47                :         asra
002051  48                :         asla
002052  48                :         lsla                            ; same as asla
002053  49                :         rola
002054  4A                :         deca
                            ;       *
002055  4C                :         inca
002056  4D                :         tsta
                            ;       *
002057  4F                :         clra
                                    

Portable Motorola 6809 Assembler [18.03]

002058  50                :         negb
                            ;       *
                            ;       *       
002059  53                :         comb
00205A  54                :         lsrb
                            ;       *
00205B  56                :         rorb
00205C  57                :         asrb
00205D  58                :         aslb
00205E  58                :         lslb                            ; same as aslb
00205F  59                :         rolb
002060  5A                :         decb
                            ;       *
002061  5C                :         incb
002062  5D                :         tstb
                            ;       *
002063  5F                :         clrb
                                    
002064  6000              :         neg     ,x
                            ;       *
                            ;       *
002066  6300              :         com     ,x
002068  6400              :         lsr     ,x
                            ;       *
00206A  6600              :         ror     ,x
00206C  6700              :         asr     ,x
00206E  6800              :         asl     ,x
002070  6800              :         lsl     ,x
002072  6900              :         rol     ,x
002074  6A00              :         dec     ,x
                            ;       *
002076  6C00              :         inc     ,x
002078  6D00              :         tst     ,x
00207A  6E00              :         jmp     ,x
00207C  6F00              :         clr     ,x
                                    
00207E  700000            :         neg     >0
                            ;       *
                            ;       *
002081  730000            :         com     >0
002084  740000            :         lsr     >0
                            ;       *
002087  760000            :         ror     >0
00208A  770000            :         asr     >0
00208D  780000            :         asl     >0
002090  780000            :         lsl     >0
002093  790000            :         rol     >0
002096  7A0000            :         dec     >0
                            ;       *
002099  7C0000            :         inc     >0
00209C  7D0000            :         tst     >0
00209F  7E0000            :         jmp     >0
0020A2  7F0000            :         clr     >0
                            

Portable Motorola 6809 Assembler [18.03]

0020A5  8012              :         suba    #$12
0020A7  8112              :         cmpa    #$12
0020A9  8212              :         sbca    #$12
0020AB  8334              :         subd    #$1234
0020AD  8412              :         anda    #$12
0020AF  8512              :         bita    #$12
0020B1  8612              :         lda     #$12
                            ;       *
0020B3  8812              :         eora    #$12
0020B5  8912              :         adca    #$12
0020B7  8A12              :         ora     #$12
0020B9  8B12              :         adda    #$12
0020BB  8C1234            :         cmpx    #$1234
0020BE  8D8C              :         bsr     branch
0020C0  8E1234            :         ldx     #$1234
                            ;       *
                            
0020C3  9000              :         suba    <0
0020C5  9100              :         cmpa    <0
0020C7  9200              :         sbca    <0
0020C9  9300              :         subd    <0
0020CB  9400              :         anda    <0
0020CD  9500              :         bita    <0
0020CF  9600              :         lda     <0
0020D1  9700              :         sta     <0
0020D3  9800              :         eora    <0
0020D5  9900              :         adca    <0
0020D7  9A00              :         ora     <0
0020D9  9B00              :         adda    <0
0020DB  9C00              :         cmpx    <0
0020DD  9D00              :         jsr     <0
0020DF  9E00              :         ldx     <0
0020E1  9F00              :         stx     <0
                            
0020E3  A000              :         suba    ,x
0020E5  A100              :         cmpa    ,x
0020E7  A200              :         sbca    ,x
0020E9  A300              :         subd    ,x
0020EB  A400              :         anda    ,x
0020ED  A500              :         bita    ,x
0020EF  A600              :         lda     ,x
0020F1  A700              :         sta     ,x
0020F3  A800              :         eora    ,x
0020F5  A900              :         adca    ,x
0020F7  AA00              :         ora     ,x
0020F9  AB00              :         adda    ,x
0020FB  AC00              :         cmpx    ,x
0020FD  AD00              :         jsr     ,x
0020FF  AE00              :         ldx     ,x
002101  AF00              :         stx     ,x
                            
002103  B00000            :         suba    >0
002106  B10000            :         cmpa    >0
002109  B20000            :         sbca    >0

Portable Motorola 6809 Assembler [18.03]

00210C  B30000            :         subd    >0
00210F  B40000            :         anda    >0
002112  B50000            :         bita    >0
002115  B60000            :         lda     >0
002118  B70000            :         sta     >0
00211B  B80000            :         eora    >0
00211E  B90000            :         adca    >0
002121  BA0000            :         ora     >0
002124  BB0000            :         adda    >0
002127  BC0000            :         cmpx    >0
00212A  BD0000            :         jsr     >0
00212D  BE0000            :         ldx     >0
002130  BF0000            :         stx     >0
                            
002133  C012              :         subb    #$12
002135  C112              :         cmpb    #$12
002137  C212              :         sbcb    #$12
002139  C31234            :         addd    #$1234
00213C  C412              :         andb    #$12
00213E  C512              :         bitb    #$12
002140  C612              :         ldb     #$12
                            ;       *
002142  C812              :         eorb    #$12
002144  C912              :         adcb    #$12
002146  CA12              :         orb     #$12
002148  CB12              :         addb    #$12
00214A  CC1234            :         ldd     #$1234
                            ;       *
00214D  CE1234            :         ldu     #$1234
                            ;       *
                            
002150  D000              :         subb    <0
002152  D100              :         cmpb    <0
002154  D200              :         sbcb    <0
002156  D300              :         addd    <0
002158  D400              :         andb    <0
00215A  D500              :         bitb    <0
00215C  D600              :         ldb     <0
00215E  D700              :         stb     <0
002160  D800              :         eorb    <0
002162  D900              :         adcb    <0
002164  DA00              :         orb     <0
002166  DB00              :         addb    <0
002168  DC00              :         ldd     <0
00216A  DD00              :         std     <0
00216C  DE00              :         ldu     <0
00216E  DF00              :         stu     <0
                            
002170  E000              :         subb    ,x
002172  E100              :         cmpb    ,x
002174  E200              :         sbcb    ,x
002176  E300              :         addd    ,x
002178  E400              :         andb    ,x
00217A  E500              :         bitb    ,x

Portable Motorola 6809 Assembler [18.03]

00217C  E600              :         ldb     ,x
00217E  E700              :         stb     ,x
002180  E800              :         eorb    ,x
002182  E900              :         adcb    ,x
002184  EA00              :         orb     ,x
002186  EB00              :         addb    ,x
002188  EC00              :         ldd     ,x
00218A  ED00              :         std     ,x
00218C  EE00              :         ldu     ,x
00218E  EF00              :         stu     ,x
                            
002190  F00000            :         subb    >0
002193  F10000            :         cmpb    >0
002196  F20000            :         sbcb    >0
002199  F30000            :         addd    >0
00219C  F40000            :         andb    >0
00219F  F50000            :         bitb    >0
0021A2  F60000            :         ldb     >0
0021A5  F70000            :         stb     >0
0021A8  F80000            :         eorb    >0
0021AB  F90000            :         adcb    >0
0021AE  FA0000            :         orb     >0
0021B1  FB0000            :         addb    >0
0021B4  FC0000            :         ldd     >0
0021B7  FD0000            :         std     >0
0021BA  FE0000            :         ldu     >0
0021BD  FF0000            :         stu     >0
                            
0021C0  1021003C          :         lbrn    target2
0021C4  10220038          :         lbhi    target2
0021C8  10230034          :         lbls    target2
0021CC  10240030          :         lbhs    target2
0021D0  1024002C          :         lbcc    target2
0021D4  10250028          :         lblo    target2
0021D8  10250024          :         lbcs    target2
0021DC  10260020          :         lbne    target2
0021E0  1027001C          :         lbeq    target2
0021E4  10280018          :         lbvc    target2
0021E8  10290014          :         lbvs    target2
0021EC  102A0010          :         lbpl    target2
0021F0  102B000C          :         lbmi    target2
0021F4  102C0008          :         lbge    target2
0021F8  102E0004          :         lbgt    target2
0021FC  102F0000          :         lble    target2
                            target2:
002200  103F              :         swi2
002202  10831234          :         cmpd    #$1234
002206  108C1234          :         cmpy    #$1234
00220A  108E1234          :         ldy     #$1234
00220E  109300            :         cmpd    <0
002211  109C00            :         cmpy    <0
002214  109E00            :         ldy     <0
002217  10A300            :         cmpd    ,x
00221A  10AC00            :         cmpy    ,x

Portable Motorola 6809 Assembler [18.03]

00221D  10AE00            :         ldy     ,x
002220  10B30000          :         cmpd    >0
002224  10BC0000          :         cmpy    >0
002228  10BE0000          :         ldy     >0
00222C  10CE1234          :         lds     #$1234
002230  10DE00            :         lds     <0
002233  10DF00            :         sts     <0
002236  10EE00            :         lds     ,x
002239  10EF00            :         sts     ,x
00223C  10FE0000          :         lds     >0
002240  10FF0000          :         sts     >0
002244  113F              :         swi3
002246  11831234          :         cmpu    #$1234
00224A  118C1234          :         cmps    #$1234
00224E  119300            :         cmpu    <0
002251  119C00            :         cmps    <0
002254  11A300            :         cmpu    ,x
002257  11AC00            :         cmps    ,x
00225A  11B30000          :         cmpu    >0
00225E  11BC0000          :         cmps    >0
                            
                            ;===============================================================================
                            ; Indexed Addressing modes
                            ;-------------------------------------------------------------------------------
                                    
                                    .org    $3000
                                    
003000  A600              :         lda     ,x
003002  A600              :         lda     ,y
                            
                            
                            
                                    .end


Portable Motorola 6809 Assembler [18.03]

Symbol Table

branch                           0000204C  | label                            0000108B 
label                            0000108B  | branch                           0000204C 
target2                          00002200  | target2                          00002200 
